// Jest Snapshot v1, https://goo.gl/fbAQLP

exports[`Render Component It should render TimeStamp Component 1`] = `
<div>
  5:39 PM
</div>
`;
